// Vitest Snapshot v1, https://vitest.dev/guide/snapshot.html

exports[`Composant Input > Snapshots > devrait correspondre au snapshot avec label 1`] = `
<div>
  <div
    class="group flex flex-col data-[hidden=true]:hidden w-full"
    data-has-elements="true"
    data-has-label="true"
    data-has-value="true"
    data-slot="base"
  >
    <div
      class="relative w-full inline-flex tap-highlight-transparent shadow-sm px-3 min-h-10 rounded-medium flex-col items-start justify-center gap-0 transition-background !duration-150 transition-colors motion-reduce:transition-none py-2 border-1 bg-white dark:bg-background border-border data-[hover=true]:border-outline group-data-[focus=true]:border-outline group-data-[focus=true]:bg-content1 h-12"
      data-slot="input-wrapper"
      style="cursor: text;"
    >
      <label
        class="absolute z-10 pointer-events-none origin-top-left flex-shrink-0 rtl:origin-top-right subpixel-antialiased block text-foreground-500 cursor-text will-change-auto !duration-200 !ease-out motion-reduce:transition-none transition-[transform,color,left,opacity] group-data-[filled-within=true]:text-default-600 group-data-[filled-within=true]:pointer-events-auto group-data-[filled-within=true]:scale-85 text-small group-data-[filled-within=true]:-translate-y-[calc(50%_+_theme(fontSize.small)/2_-_6px_-_theme(borderWidth.medium))] pe-2 max-w-full text-ellipsis overflow-hidden"
        data-slot="label"
        for="react-aria-:r1d:"
        id="react-aria-:r1e:"
      >
        Nom d'utilisateur
      </label>
      <div
        class="inline-flex w-full items-center h-full box-border group-data-[has-label=true]:items-end"
        data-slot="inner-wrapper"
      >
        <input
          aria-label="Nom d'utilisateur"
          aria-labelledby="react-aria-:r1d: react-aria-:r1e:"
          class="w-full font-normal bg-transparent !outline-none placeholder:text-foreground-500 focus-visible:outline-none data-[has-start-content=true]:ps-1.5 data-[has-end-content=true]:pe-1.5 data-[type=color]:rounded-none file:cursor-pointer file:bg-transparent file:border-0 autofill:bg-transparent bg-clip-text text-small"
          data-slot="input"
          id="react-aria-:r1d:"
          tabindex="0"
          title=""
          type="text"
          value=""
        />
      </div>
    </div>
  </div>
</div>
`;

exports[`Composant Input > Snapshots > devrait correspondre au snapshot avec les props par d√©faut 1`] = `
<div>
  <div
    class="group flex flex-col data-[hidden=true]:hidden w-full relative justify-end data-[has-label=true]:mt-[calc(theme(fontSize.small)_+_10px)]"
    data-has-value="true"
    data-slot="base"
  >
    <div
      class="h-full flex flex-col"
      data-slot="main-wrapper"
    >
      <div
        class="relative w-full inline-flex tap-highlight-transparent flex-row items-center shadow-sm px-3 gap-3 min-h-10 rounded-medium transition-background !duration-150 transition-colors motion-reduce:transition-none border-1 bg-white dark:bg-background border-border data-[hover=true]:border-outline group-data-[focus=true]:border-outline group-data-[focus=true]:bg-content1 h-12"
        data-slot="input-wrapper"
        style="cursor: text;"
      >
        <div
          class="inline-flex w-full items-center h-full box-border"
          data-slot="inner-wrapper"
        >
          <input
            aria-label=" "
            class="w-full font-normal bg-transparent !outline-none placeholder:text-foreground-500 focus-visible:outline-none data-[has-start-content=true]:ps-1.5 data-[has-end-content=true]:pe-1.5 data-[type=color]:rounded-none file:cursor-pointer file:bg-transparent file:border-0 autofill:bg-transparent bg-clip-text text-small"
            data-slot="input"
            id="react-aria-:r0:"
            tabindex="0"
            title=""
            type="text"
            value=""
          />
        </div>
      </div>
    </div>
  </div>
</div>
`;

exports[`Composant Input > Snapshots > devrait correspondre au snapshot pour chaque variante 1`] = `
<div>
  <div
    class="group flex flex-col data-[hidden=true]:hidden w-full relative justify-end data-[has-label=true]:mt-[calc(theme(fontSize.small)_+_10px)]"
    data-has-value="true"
    data-slot="base"
  >
    <div
      class="h-full flex flex-col"
      data-slot="main-wrapper"
    >
      <div
        class="relative w-full inline-flex tap-highlight-transparent flex-row items-center shadow-sm px-3 gap-3 min-h-10 rounded-medium transition-background !duration-150 transition-colors motion-reduce:transition-none border-1 bg-white dark:bg-background border-border data-[hover=true]:border-outline group-data-[focus=true]:border-outline group-data-[focus=true]:bg-content1 h-12"
        data-slot="input-wrapper"
        style="cursor: text;"
      >
        <div
          class="inline-flex w-full items-center h-full box-border"
          data-slot="inner-wrapper"
        >
          <input
            aria-label=" "
            class="w-full font-normal bg-transparent !outline-none placeholder:text-foreground-500 focus-visible:outline-none data-[has-start-content=true]:ps-1.5 data-[has-end-content=true]:pe-1.5 data-[type=color]:rounded-none file:cursor-pointer file:bg-transparent file:border-0 autofill:bg-transparent bg-clip-text text-small"
            data-slot="input"
            id="react-aria-:r5:"
            tabindex="0"
            title=""
            type="text"
            value=""
          />
        </div>
      </div>
    </div>
  </div>
</div>
`;

exports[`Composant Input > Snapshots > devrait correspondre au snapshot pour chaque variante 2`] = `
<div>
  <div
    class="group flex flex-col data-[hidden=true]:hidden w-full relative justify-end data-[has-label=true]:mt-[calc(theme(fontSize.small)_+_10px)]"
    data-has-value="true"
    data-slot="base"
  >
    <div
      class="h-full flex flex-col"
      data-slot="main-wrapper"
    >
      <div
        class="relative w-full inline-flex tap-highlight-transparent flex-row items-center shadow-sm px-3 gap-3 min-h-10 rounded-medium transition-background motion-reduce:transition-none !duration-150 outline-none group-data-[focus-visible=true]:z-10 group-data-[focus-visible=true]:ring-2 group-data-[focus-visible=true]:ring-focus group-data-[focus-visible=true]:ring-offset-2 group-data-[focus-visible=true]:ring-offset-background border-none bg-default-100 dark:bg-default-50 data-[hover=true]:bg-content1-300-200 group-data-[focus=true]:bg-default-100 h-12"
        data-slot="input-wrapper"
        style="cursor: text;"
      >
        <div
          class="inline-flex w-full items-center h-full box-border"
          data-slot="inner-wrapper"
        >
          <input
            aria-label=" "
            class="w-full font-normal bg-transparent !outline-none placeholder:text-foreground-500 focus-visible:outline-none data-[has-start-content=true]:ps-1.5 data-[has-end-content=true]:pe-1.5 data-[type=color]:rounded-none file:cursor-pointer file:bg-transparent file:border-0 autofill:bg-transparent bg-clip-text text-small group-data-[has-value=true]:text-default-foreground"
            data-slot="input"
            id="react-aria-:ra:"
            tabindex="0"
            title=""
            type="text"
            value=""
          />
        </div>
      </div>
    </div>
  </div>
</div>
`;

exports[`Composant Input > Snapshots > devrait correspondre au snapshot pour chaque variante 3`] = `
<div>
  <div
    class="group flex flex-col data-[hidden=true]:hidden w-full relative justify-end data-[has-label=true]:mt-[calc(theme(fontSize.small)_+_10px)]"
    data-has-value="true"
    data-slot="base"
  >
    <div
      class="h-full flex flex-col"
      data-slot="main-wrapper"
    >
      <div
        class="relative w-full inline-flex tap-highlight-transparent flex-row items-center shadow-sm px-3 gap-3 data-[hover=true]:border-default-400 focus-within:border-default-400 min-h-10 rounded-medium transition-background !duration-150 transition-colors motion-reduce:transition-none outline-none group-data-[focus-visible=true]:z-10 group-data-[focus-visible=true]:ring-2 group-data-[focus-visible=true]:ring-focus group-data-[focus-visible=true]:ring-offset-2 group-data-[focus-visible=true]:ring-offset-background border-1 border-transparent bg-default-100 dark:bg-default-50 data-[hover=true]:bg-content1-300-200 group-data-[focus=true]:border-outline h-12"
        data-slot="input-wrapper"
        style="cursor: text;"
      >
        <div
          class="inline-flex w-full items-center h-full box-border"
          data-slot="inner-wrapper"
        >
          <input
            aria-label=" "
            class="w-full font-normal bg-transparent !outline-none placeholder:text-foreground-500 focus-visible:outline-none data-[has-start-content=true]:ps-1.5 data-[has-end-content=true]:pe-1.5 data-[type=color]:rounded-none file:cursor-pointer file:bg-transparent file:border-0 autofill:bg-transparent bg-clip-text text-small"
            data-slot="input"
            id="react-aria-:rf:"
            tabindex="0"
            title=""
            type="text"
            value=""
          />
        </div>
      </div>
    </div>
  </div>
</div>
`;

exports[`Composant Input > Snapshots > devrait correspondre au snapshot pour chaque variante 4`] = `
<div>
  <div
    class="group flex flex-col data-[hidden=true]:hidden w-full relative justify-end data-[has-label=true]:mt-[calc(theme(fontSize.small)_+_10px)]"
    data-has-value="true"
    data-slot="base"
  >
    <div
      class="h-full flex flex-col"
      data-slot="main-wrapper"
    >
      <div
        class="w-full inline-flex tap-highlight-transparent flex-row items-center px-3 gap-3 !px-1 !pb-0 !gap-0 box-border shadow-[0_1px_0px_0_rgba(0,0,0,0.05)] !rounded-none hover:border-default-300 after:content-[''] after:w-0 after:origin-center after:absolute after:left-1/2 after:-translate-x-1/2 after:-bottom-[2px] after:h-[2px] group-data-[focus=true]:after:w-full min-h-10 transition-background motion-reduce:transition-none !duration-150 after:transition-width motion-reduce:after:transition-none relative border-b-1 rounded-none bg-transparent border-border h-12 after:bg-outline data-[hover=true]:after:scale-x-100 data-[hover=true]:after:bg-outline group-data-[focus=true]:after:scale-x-100 group-data-[focus=true]:after:bg-outline"
        data-slot="input-wrapper"
        style="cursor: text;"
      >
        <div
          class="inline-flex w-full items-center h-full box-border pb-1.5"
          data-slot="inner-wrapper"
        >
          <input
            aria-label=" "
            class="w-full font-normal bg-transparent !outline-none placeholder:text-foreground-500 focus-visible:outline-none data-[has-start-content=true]:ps-1.5 data-[has-end-content=true]:pe-1.5 data-[type=color]:rounded-none file:cursor-pointer file:bg-transparent file:border-0 autofill:bg-transparent bg-clip-text text-small group-data-[has-value=true]:text-foreground"
            data-slot="input"
            id="react-aria-:rk:"
            tabindex="0"
            title=""
            type="text"
            value=""
          />
        </div>
      </div>
    </div>
  </div>
</div>
`;

exports[`Composant Input > Snapshots > devrait correspondre au snapshot pour diff√©rentes tailles 1`] = `
<div>
  <div
    class="group flex flex-col data-[hidden=true]:hidden w-full relative justify-end data-[has-label=true]:mt-[calc(theme(fontSize.small)_+_8px)]"
    data-has-value="true"
    data-slot="base"
  >
    <div
      class="h-full flex flex-col"
      data-slot="main-wrapper"
    >
      <div
        class="relative w-full inline-flex tap-highlight-transparent flex-row items-center shadow-sm gap-3 min-h-8 px-2 rounded-medium transition-background !duration-150 transition-colors motion-reduce:transition-none border-1 bg-white dark:bg-background border-border data-[hover=true]:border-outline group-data-[focus=true]:border-outline group-data-[focus=true]:bg-content1 h-12"
        data-slot="input-wrapper"
        style="cursor: text;"
      >
        <div
          class="inline-flex w-full items-center h-full box-border"
          data-slot="inner-wrapper"
        >
          <input
            aria-label=" "
            class="w-full font-normal bg-transparent !outline-none placeholder:text-foreground-500 focus-visible:outline-none data-[has-start-content=true]:ps-1.5 data-[has-end-content=true]:pe-1.5 data-[type=color]:rounded-none file:cursor-pointer file:bg-transparent file:border-0 autofill:bg-transparent bg-clip-text text-small"
            data-slot="input"
            id="react-aria-:rp:"
            tabindex="0"
            title=""
            type="text"
            value=""
          />
        </div>
      </div>
    </div>
  </div>
</div>
`;

exports[`Composant Input > Snapshots > devrait correspondre au snapshot pour diff√©rentes tailles 2`] = `
<div>
  <div
    class="group flex flex-col data-[hidden=true]:hidden w-full relative justify-end data-[has-label=true]:mt-[calc(theme(fontSize.small)_+_10px)]"
    data-has-value="true"
    data-slot="base"
  >
    <div
      class="h-full flex flex-col"
      data-slot="main-wrapper"
    >
      <div
        class="relative w-full inline-flex tap-highlight-transparent flex-row items-center shadow-sm px-3 gap-3 min-h-10 rounded-medium transition-background !duration-150 transition-colors motion-reduce:transition-none border-1 bg-white dark:bg-background border-border data-[hover=true]:border-outline group-data-[focus=true]:border-outline group-data-[focus=true]:bg-content1 h-12"
        data-slot="input-wrapper"
        style="cursor: text;"
      >
        <div
          class="inline-flex w-full items-center h-full box-border"
          data-slot="inner-wrapper"
        >
          <input
            aria-label=" "
            class="w-full font-normal bg-transparent !outline-none placeholder:text-foreground-500 focus-visible:outline-none data-[has-start-content=true]:ps-1.5 data-[has-end-content=true]:pe-1.5 data-[type=color]:rounded-none file:cursor-pointer file:bg-transparent file:border-0 autofill:bg-transparent bg-clip-text text-small"
            data-slot="input"
            id="react-aria-:ru:"
            tabindex="0"
            title=""
            type="text"
            value=""
          />
        </div>
      </div>
    </div>
  </div>
</div>
`;

exports[`Composant Input > Snapshots > devrait correspondre au snapshot pour diff√©rentes tailles 3`] = `
<div>
  <div
    class="group flex flex-col data-[hidden=true]:hidden w-full relative justify-end data-[has-label=true]:mt-[calc(theme(fontSize.small)_+_12px)]"
    data-has-value="true"
    data-slot="base"
  >
    <div
      class="h-full flex flex-col"
      data-slot="main-wrapper"
    >
      <div
        class="relative w-full inline-flex tap-highlight-transparent flex-row items-center shadow-sm px-3 gap-3 min-h-12 rounded-medium transition-background !duration-150 transition-colors motion-reduce:transition-none border-1 bg-white dark:bg-background border-border data-[hover=true]:border-outline group-data-[focus=true]:border-outline group-data-[focus=true]:bg-content1 h-12"
        data-slot="input-wrapper"
        style="cursor: text;"
      >
        <div
          class="inline-flex w-full items-center h-full box-border"
          data-slot="inner-wrapper"
        >
          <input
            aria-label=" "
            class="w-full font-normal bg-transparent !outline-none placeholder:text-foreground-500 focus-visible:outline-none data-[has-start-content=true]:ps-1.5 data-[has-end-content=true]:pe-1.5 data-[type=color]:rounded-none file:cursor-pointer file:bg-transparent file:border-0 autofill:bg-transparent bg-clip-text text-medium"
            data-slot="input"
            id="react-aria-:r13:"
            tabindex="0"
            title=""
            type="text"
            value=""
          />
        </div>
      </div>
    </div>
  </div>
</div>
`;

exports[`Composant Input > Snapshots > devrait correspondre au snapshot pour le type password 1`] = `
<div>
  <div
    class="group flex flex-col data-[hidden=true]:hidden w-full relative justify-end data-[has-label=true]:mt-[calc(theme(fontSize.small)_+_10px)]"
    data-has-value="true"
    data-slot="base"
  >
    <div
      class="h-full flex flex-col"
      data-slot="main-wrapper"
    >
      <div
        class="relative w-full inline-flex tap-highlight-transparent flex-row items-center shadow-sm px-3 gap-3 min-h-10 rounded-medium transition-background !duration-150 transition-colors motion-reduce:transition-none border-1 bg-white dark:bg-background border-border data-[hover=true]:border-outline group-data-[focus=true]:border-outline group-data-[focus=true]:bg-content1 h-12"
        data-slot="input-wrapper"
        style="cursor: text;"
      >
        <div
          class="inline-flex w-full items-center h-full box-border"
          data-slot="inner-wrapper"
        >
          <input
            aria-label=" "
            class="w-full font-normal bg-transparent !outline-none placeholder:text-foreground-500 focus-visible:outline-none data-[has-start-content=true]:ps-1.5 data-[has-end-content=true]:pe-1.5 data-[type=color]:rounded-none file:cursor-pointer file:bg-transparent file:border-0 autofill:bg-transparent bg-clip-text text-small [&::-ms-reveal]:hidden"
            data-has-end-content="true"
            data-slot="input"
            data-type="password"
            id="react-aria-:r18:"
            tabindex="0"
            title=""
            type="password"
            value=""
          />
          <button
            class="opacity-40 focus:outline-none"
            type="button"
          >
            <svg
              class="tabler-icon tabler-icon-eye pointer-events-none"
              fill="none"
              height="24"
              stroke="currentColor"
              stroke-linecap="round"
              stroke-linejoin="round"
              stroke-width="2"
              viewBox="0 0 24 24"
              width="24"
              xmlns="http://www.w3.org/2000/svg"
            >
              <path
                d="M10 12a2 2 0 1 0 4 0a2 2 0 0 0 -4 0"
              />
              <path
                d="M21 12c-2.4 4 -5.4 6 -9 6c-3.6 0 -6.6 -2 -9 -6c2.4 -4 5.4 -6 9 -6c3.6 0 6.6 2 9 6"
              />
            </svg>
          </button>
        </div>
      </div>
    </div>
  </div>
</div>
`;
